2026-05-17 12:02:19 | INFO     | root | Logging initialized
2026-05-17 12:02:20 | INFO     | httpx | HTTP Request: HEAD https://huggingface.co/datasets/princeton-nlp/SWE-bench_Verified/resolve/c104f840cc67f8b6eec6f759ebc8b2693d585d4a/SWE-bench_Verified.py "HTTP/1.1 404 Not Found"
2026-05-17 12:02:20 | INFO     | httpx | HTTP Request: HEAD https://s3.amazonaws.com/datasets.huggingface.co/datasets/datasets/princeton-nlp/SWE-bench_Verified/princeton-nlp/SWE-bench_Verified.py "HTTP/1.1 404 Not Found"
2026-05-17 12:02:20 | INFO     | httpx | HTTP Request: GET https://huggingface.co/api/datasets/princeton-nlp/SWE-bench_Verified/revision/c104f840cc67f8b6eec6f759ebc8b2693d585d4a "HTTP/1.1 200 OK"
2026-05-17 12:02:20 | INFO     | httpx | HTTP Request: HEAD https://huggingface.co/datasets/princeton-nlp/SWE-bench_Verified/resolve/c104f840cc67f8b6eec6f759ebc8b2693d585d4a/.huggingface.yaml "HTTP/1.1 404 Not Found"
2026-05-17 12:02:21 | INFO     | httpx | HTTP Request: GET https://huggingface.co/api/datasets/princeton-nlp/SWE-bench_Verified/tree/c104f840cc67f8b6eec6f759ebc8b2693d585d4a/data?recursive=true&expand=false "HTTP/1.1 200 OK"
2026-05-17 12:02:21 | INFO     | httpx | HTTP Request: GET https://huggingface.co/api/datasets/princeton-nlp/SWE-bench_Verified/tree/c104f840cc67f8b6eec6f759ebc8b2693d585d4a?recursive=false&expand=false "HTTP/1.1 200 OK"
2026-05-17 12:02:21 | INFO     | httpx | HTTP Request: HEAD https://huggingface.co/datasets/princeton-nlp/SWE-bench_Verified/resolve/c104f840cc67f8b6eec6f759ebc8b2693d585d4a/dataset_infos.json "HTTP/1.1 404 Not Found"
2026-05-17 12:02:21 | INFO     | src.build | 243 Tasks ohne explizites Label -> als 'unresolved' markiert
2026-05-17 12:02:21 | INFO     | src.build | Statusverteilung:
status
resolved         254
unresolved       243
no_generation      3
2026-05-17 12:02:21 | INFO     | src.build | Resolve-Rate: 50.8%
2026-05-17 12:32:38 | INFO     | root | Logging initialized
2026-05-17 12:32:38 | INFO     | httpx | HTTP Request: HEAD https://huggingface.co/datasets/princeton-nlp/SWE-bench_Verified/resolve/c104f840cc67f8b6eec6f759ebc8b2693d585d4a/SWE-bench_Verified.py "HTTP/1.1 404 Not Found"
2026-05-17 12:32:39 | INFO     | httpx | HTTP Request: HEAD https://s3.amazonaws.com/datasets.huggingface.co/datasets/datasets/princeton-nlp/SWE-bench_Verified/princeton-nlp/SWE-bench_Verified.py "HTTP/1.1 404 Not Found"
2026-05-17 12:32:39 | INFO     | httpx | HTTP Request: GET https://huggingface.co/api/datasets/princeton-nlp/SWE-bench_Verified/revision/c104f840cc67f8b6eec6f759ebc8b2693d585d4a "HTTP/1.1 200 OK"
2026-05-17 12:32:39 | INFO     | httpx | HTTP Request: HEAD https://huggingface.co/datasets/princeton-nlp/SWE-bench_Verified/resolve/c104f840cc67f8b6eec6f759ebc8b2693d585d4a/.huggingface.yaml "HTTP/1.1 404 Not Found"
2026-05-17 12:32:39 | INFO     | httpx | HTTP Request: GET https://huggingface.co/api/datasets/princeton-nlp/SWE-bench_Verified/tree/c104f840cc67f8b6eec6f759ebc8b2693d585d4a/data?recursive=true&expand=false "HTTP/1.1 200 OK"
2026-05-17 12:32:39 | INFO     | httpx | HTTP Request: GET https://huggingface.co/api/datasets/princeton-nlp/SWE-bench_Verified/tree/c104f840cc67f8b6eec6f759ebc8b2693d585d4a?recursive=false&expand=false "HTTP/1.1 200 OK"
2026-05-17 12:32:39 | INFO     | httpx | HTTP Request: HEAD https://huggingface.co/datasets/princeton-nlp/SWE-bench_Verified/resolve/c104f840cc67f8b6eec6f759ebc8b2693d585d4a/dataset_infos.json "HTTP/1.1 404 Not Found"
2026-05-17 12:32:40 | INFO     | src.build | 243 Tasks ohne explizites Label -> als 'unresolved' markiert
2026-05-17 12:32:40 | INFO     | src.build | Statusverteilung:
status
resolved         254
unresolved       243
no_generation      3
2026-05-17 12:32:40 | INFO     | src.build | Resolve-Rate: 50.8%
2026-05-17 12:33:17 | INFO     | root | Logging initialized
2026-05-17 12:33:17 | INFO     | httpx | HTTP Request: HEAD https://huggingface.co/datasets/princeton-nlp/SWE-bench_Verified/resolve/c104f840cc67f8b6eec6f759ebc8b2693d585d4a/SWE-bench_Verified.py "HTTP/1.1 404 Not Found"
2026-05-17 12:33:17 | INFO     | httpx | HTTP Request: HEAD https://s3.amazonaws.com/datasets.huggingface.co/datasets/datasets/princeton-nlp/SWE-bench_Verified/princeton-nlp/SWE-bench_Verified.py "HTTP/1.1 404 Not Found"
2026-05-17 12:33:17 | INFO     | httpx | HTTP Request: GET https://huggingface.co/api/datasets/princeton-nlp/SWE-bench_Verified/revision/c104f840cc67f8b6eec6f759ebc8b2693d585d4a "HTTP/1.1 200 OK"
2026-05-17 12:33:18 | INFO     | httpx | HTTP Request: HEAD https://huggingface.co/datasets/princeton-nlp/SWE-bench_Verified/resolve/c104f840cc67f8b6eec6f759ebc8b2693d585d4a/.huggingface.yaml "HTTP/1.1 404 Not Found"
2026-05-17 12:33:18 | INFO     | httpx | HTTP Request: GET https://huggingface.co/api/datasets/princeton-nlp/SWE-bench_Verified/tree/c104f840cc67f8b6eec6f759ebc8b2693d585d4a/data?recursive=true&expand=false "HTTP/1.1 200 OK"
2026-05-17 12:33:18 | INFO     | httpx | HTTP Request: GET https://huggingface.co/api/datasets/princeton-nlp/SWE-bench_Verified/tree/c104f840cc67f8b6eec6f759ebc8b2693d585d4a?recursive=false&expand=false "HTTP/1.1 200 OK"
2026-05-17 12:33:18 | INFO     | httpx | HTTP Request: HEAD https://huggingface.co/datasets/princeton-nlp/SWE-bench_Verified/resolve/c104f840cc67f8b6eec6f759ebc8b2693d585d4a/dataset_infos.json "HTTP/1.1 404 Not Found"
2026-05-17 12:33:18 | INFO     | src.build | 243 Tasks ohne explizites Label -> als 'unresolved' markiert
2026-05-17 12:33:18 | INFO     | src.build | Statusverteilung:
status
resolved         254
unresolved       243
no_generation      3
2026-05-17 12:33:18 | INFO     | src.build | Resolve-Rate: 50.8%
2026-05-17 12:34:15 | INFO     | root | Logging initialized
2026-05-17 12:34:15 | INFO     | httpx | HTTP Request: HEAD https://huggingface.co/datasets/princeton-nlp/SWE-bench_Verified/resolve/c104f840cc67f8b6eec6f759ebc8b2693d585d4a/SWE-bench_Verified.py "HTTP/1.1 404 Not Found"
2026-05-17 12:34:15 | INFO     | httpx | HTTP Request: HEAD https://s3.amazonaws.com/datasets.huggingface.co/datasets/datasets/princeton-nlp/SWE-bench_Verified/princeton-nlp/SWE-bench_Verified.py "HTTP/1.1 404 Not Found"
2026-05-17 12:34:15 | INFO     | httpx | HTTP Request: GET https://huggingface.co/api/datasets/princeton-nlp/SWE-bench_Verified/revision/c104f840cc67f8b6eec6f759ebc8b2693d585d4a "HTTP/1.1 200 OK"
2026-05-17 12:34:16 | INFO     | httpx | HTTP Request: HEAD https://huggingface.co/datasets/princeton-nlp/SWE-bench_Verified/resolve/c104f840cc67f8b6eec6f759ebc8b2693d585d4a/.huggingface.yaml "HTTP/1.1 404 Not Found"
2026-05-17 12:34:16 | INFO     | httpx | HTTP Request: GET https://huggingface.co/api/datasets/princeton-nlp/SWE-bench_Verified/tree/c104f840cc67f8b6eec6f759ebc8b2693d585d4a/data?recursive=true&expand=false "HTTP/1.1 200 OK"
2026-05-17 12:34:16 | INFO     | httpx | HTTP Request: GET https://huggingface.co/api/datasets/princeton-nlp/SWE-bench_Verified/tree/c104f840cc67f8b6eec6f759ebc8b2693d585d4a?recursive=false&expand=false "HTTP/1.1 200 OK"
2026-05-17 12:34:16 | INFO     | httpx | HTTP Request: HEAD https://huggingface.co/datasets/princeton-nlp/SWE-bench_Verified/resolve/c104f840cc67f8b6eec6f759ebc8b2693d585d4a/dataset_infos.json "HTTP/1.1 404 Not Found"
2026-05-17 12:34:16 | INFO     | src.build | 243 Tasks ohne explizites Label -> als 'unresolved' markiert
2026-05-17 12:34:16 | INFO     | src.build | Statusverteilung:
status
resolved         254
unresolved       243
no_generation      3
2026-05-17 12:34:16 | INFO     | src.build | Resolve-Rate: 50.8%
2026-05-17 12:35:46 | INFO     | root | Logging initialized
2026-05-17 12:35:47 | INFO     | httpx | HTTP Request: HEAD https://huggingface.co/datasets/princeton-nlp/SWE-bench_Verified/resolve/c104f840cc67f8b6eec6f759ebc8b2693d585d4a/SWE-bench_Verified.py "HTTP/1.1 404 Not Found"
2026-05-17 12:35:47 | INFO     | httpx | HTTP Request: HEAD https://s3.amazonaws.com/datasets.huggingface.co/datasets/datasets/princeton-nlp/SWE-bench_Verified/princeton-nlp/SWE-bench_Verified.py "HTTP/1.1 404 Not Found"
2026-05-17 12:35:47 | INFO     | httpx | HTTP Request: GET https://huggingface.co/api/datasets/princeton-nlp/SWE-bench_Verified/revision/c104f840cc67f8b6eec6f759ebc8b2693d585d4a "HTTP/1.1 200 OK"
2026-05-17 12:35:47 | INFO     | httpx | HTTP Request: HEAD https://huggingface.co/datasets/princeton-nlp/SWE-bench_Verified/resolve/c104f840cc67f8b6eec6f759ebc8b2693d585d4a/.huggingface.yaml "HTTP/1.1 404 Not Found"
2026-05-17 12:35:47 | INFO     | httpx | HTTP Request: GET https://huggingface.co/api/datasets/princeton-nlp/SWE-bench_Verified/tree/c104f840cc67f8b6eec6f759ebc8b2693d585d4a/data?recursive=true&expand=false "HTTP/1.1 200 OK"
2026-05-17 12:35:48 | INFO     | httpx | HTTP Request: GET https://huggingface.co/api/datasets/princeton-nlp/SWE-bench_Verified/tree/c104f840cc67f8b6eec6f759ebc8b2693d585d4a?recursive=false&expand=false "HTTP/1.1 200 OK"
2026-05-17 12:35:48 | INFO     | httpx | HTTP Request: HEAD https://huggingface.co/datasets/princeton-nlp/SWE-bench_Verified/resolve/c104f840cc67f8b6eec6f759ebc8b2693d585d4a/dataset_infos.json "HTTP/1.1 404 Not Found"
2026-05-17 12:35:48 | INFO     | src.build | 243 Tasks ohne explizites Label -> als 'unresolved' markiert
2026-05-17 12:35:48 | INFO     | src.build | Statusverteilung:
status
resolved         254
unresolved       243
no_generation      3
2026-05-17 12:35:48 | INFO     | src.build | Resolve-Rate: 50.8%
2026-05-17 12:36:12 | INFO     | root | Logging initialized
2026-05-17 12:36:12 | INFO     | httpx | HTTP Request: HEAD https://huggingface.co/datasets/princeton-nlp/SWE-bench_Verified/resolve/c104f840cc67f8b6eec6f759ebc8b2693d585d4a/SWE-bench_Verified.py "HTTP/1.1 404 Not Found"
2026-05-17 12:36:13 | INFO     | httpx | HTTP Request: HEAD https://s3.amazonaws.com/datasets.huggingface.co/datasets/datasets/princeton-nlp/SWE-bench_Verified/princeton-nlp/SWE-bench_Verified.py "HTTP/1.1 404 Not Found"
2026-05-17 12:36:13 | INFO     | httpx | HTTP Request: GET https://huggingface.co/api/datasets/princeton-nlp/SWE-bench_Verified/revision/c104f840cc67f8b6eec6f759ebc8b2693d585d4a "HTTP/1.1 200 OK"
2026-05-17 12:36:13 | INFO     | httpx | HTTP Request: HEAD https://huggingface.co/datasets/princeton-nlp/SWE-bench_Verified/resolve/c104f840cc67f8b6eec6f759ebc8b2693d585d4a/.huggingface.yaml "HTTP/1.1 404 Not Found"
2026-05-17 12:36:13 | INFO     | httpx | HTTP Request: GET https://huggingface.co/api/datasets/princeton-nlp/SWE-bench_Verified/tree/c104f840cc67f8b6eec6f759ebc8b2693d585d4a/data?recursive=true&expand=false "HTTP/1.1 200 OK"
2026-05-17 12:36:13 | INFO     | httpx | HTTP Request: GET https://huggingface.co/api/datasets/princeton-nlp/SWE-bench_Verified/tree/c104f840cc67f8b6eec6f759ebc8b2693d585d4a?recursive=false&expand=false "HTTP/1.1 200 OK"
2026-05-17 12:36:13 | INFO     | httpx | HTTP Request: HEAD https://huggingface.co/datasets/princeton-nlp/SWE-bench_Verified/resolve/c104f840cc67f8b6eec6f759ebc8b2693d585d4a/dataset_infos.json "HTTP/1.1 404 Not Found"
2026-05-17 12:36:14 | INFO     | src.build | 243 Tasks ohne explizites Label -> als 'unresolved' markiert
2026-05-17 12:36:14 | INFO     | src.build | Statusverteilung:
status
resolved         254
unresolved       243
no_generation      3
2026-05-17 12:36:14 | INFO     | src.build | Resolve-Rate: 50.8%
2026-05-22 14:23:41 | INFO     | root | Logging initialized
2026-05-22 14:23:41 | INFO     | httpx | HTTP Request: HEAD https://huggingface.co/datasets/princeton-nlp/SWE-bench_Verified/resolve/c104f840cc67f8b6eec6f759ebc8b2693d585d4a/SWE-bench_Verified.py "HTTP/1.1 404 Not Found"
2026-05-22 14:23:42 | INFO     | httpx | HTTP Request: HEAD https://s3.amazonaws.com/datasets.huggingface.co/datasets/datasets/princeton-nlp/SWE-bench_Verified/princeton-nlp/SWE-bench_Verified.py "HTTP/1.1 404 Not Found"
2026-05-22 14:23:42 | INFO     | httpx | HTTP Request: GET https://huggingface.co/api/datasets/princeton-nlp/SWE-bench_Verified/revision/c104f840cc67f8b6eec6f759ebc8b2693d585d4a "HTTP/1.1 200 OK"
2026-05-22 14:23:42 | INFO     | httpx | HTTP Request: HEAD https://huggingface.co/datasets/princeton-nlp/SWE-bench_Verified/resolve/c104f840cc67f8b6eec6f759ebc8b2693d585d4a/.huggingface.yaml "HTTP/1.1 404 Not Found"
2026-05-22 14:23:42 | INFO     | httpx | HTTP Request: GET https://huggingface.co/api/datasets/princeton-nlp/SWE-bench_Verified/tree/c104f840cc67f8b6eec6f759ebc8b2693d585d4a/data?recursive=true&expand=false "HTTP/1.1 200 OK"
2026-05-22 14:23:42 | INFO     | httpx | HTTP Request: GET https://huggingface.co/api/datasets/princeton-nlp/SWE-bench_Verified/tree/c104f840cc67f8b6eec6f759ebc8b2693d585d4a?recursive=false&expand=false "HTTP/1.1 200 OK"
2026-05-22 14:23:43 | INFO     | httpx | HTTP Request: HEAD https://huggingface.co/datasets/princeton-nlp/SWE-bench_Verified/resolve/c104f840cc67f8b6eec6f759ebc8b2693d585d4a/dataset_infos.json "HTTP/1.1 404 Not Found"
2026-05-22 14:23:44 | INFO     | src.build | 243 Tasks ohne explizites Label -> als 'unresolved' markiert
2026-05-22 14:23:44 | INFO     | src.build | Statusverteilung:
status
resolved         254
unresolved       243
no_generation      3
2026-05-22 14:23:44 | INFO     | src.build | Resolve-Rate: 50.8%
2026-05-22 14:24:59 | INFO     | root | Logging initialized
2026-05-22 14:24:59 | INFO     | httpx | HTTP Request: HEAD https://huggingface.co/datasets/princeton-nlp/SWE-bench_Verified/resolve/c104f840cc67f8b6eec6f759ebc8b2693d585d4a/SWE-bench_Verified.py "HTTP/1.1 404 Not Found"
2026-05-22 14:25:00 | INFO     | httpx | HTTP Request: HEAD https://s3.amazonaws.com/datasets.huggingface.co/datasets/datasets/princeton-nlp/SWE-bench_Verified/princeton-nlp/SWE-bench_Verified.py "HTTP/1.1 404 Not Found"
2026-05-22 14:25:00 | INFO     | httpx | HTTP Request: GET https://huggingface.co/api/datasets/princeton-nlp/SWE-bench_Verified/revision/c104f840cc67f8b6eec6f759ebc8b2693d585d4a "HTTP/1.1 200 OK"
2026-05-22 14:25:00 | INFO     | httpx | HTTP Request: HEAD https://huggingface.co/datasets/princeton-nlp/SWE-bench_Verified/resolve/c104f840cc67f8b6eec6f759ebc8b2693d585d4a/.huggingface.yaml "HTTP/1.1 404 Not Found"
2026-05-22 14:25:00 | INFO     | httpx | HTTP Request: GET https://huggingface.co/api/datasets/princeton-nlp/SWE-bench_Verified/tree/c104f840cc67f8b6eec6f759ebc8b2693d585d4a/data?recursive=true&expand=false "HTTP/1.1 200 OK"
2026-05-22 14:25:01 | INFO     | httpx | HTTP Request: GET https://huggingface.co/api/datasets/princeton-nlp/SWE-bench_Verified/tree/c104f840cc67f8b6eec6f759ebc8b2693d585d4a?recursive=false&expand=false "HTTP/1.1 200 OK"
2026-05-22 14:25:01 | INFO     | httpx | HTTP Request: HEAD https://huggingface.co/datasets/princeton-nlp/SWE-bench_Verified/resolve/c104f840cc67f8b6eec6f759ebc8b2693d585d4a/dataset_infos.json "HTTP/1.1 404 Not Found"
2026-05-22 14:25:01 | INFO     | src.build | 243 Tasks ohne explizites Label -> als 'unresolved' markiert
2026-05-22 14:25:01 | INFO     | src.build | Statusverteilung:
status
resolved         254
unresolved       243
no_generation      3
2026-05-22 14:25:01 | INFO     | src.build | Resolve-Rate: 50.8%
2026-05-22 14:25:56 | INFO     | root | Logging initialized
2026-05-22 14:25:56 | INFO     | httpx | HTTP Request: HEAD https://huggingface.co/datasets/princeton-nlp/SWE-bench_Verified/resolve/c104f840cc67f8b6eec6f759ebc8b2693d585d4a/SWE-bench_Verified.py "HTTP/1.1 404 Not Found"
2026-05-22 14:25:56 | INFO     | httpx | HTTP Request: HEAD https://s3.amazonaws.com/datasets.huggingface.co/datasets/datasets/princeton-nlp/SWE-bench_Verified/princeton-nlp/SWE-bench_Verified.py "HTTP/1.1 404 Not Found"
2026-05-22 14:25:56 | INFO     | httpx | HTTP Request: GET https://huggingface.co/api/datasets/princeton-nlp/SWE-bench_Verified/revision/c104f840cc67f8b6eec6f759ebc8b2693d585d4a "HTTP/1.1 200 OK"
2026-05-22 14:25:57 | INFO     | httpx | HTTP Request: HEAD https://huggingface.co/datasets/princeton-nlp/SWE-bench_Verified/resolve/c104f840cc67f8b6eec6f759ebc8b2693d585d4a/.huggingface.yaml "HTTP/1.1 404 Not Found"
2026-05-22 14:25:57 | INFO     | httpx | HTTP Request: GET https://huggingface.co/api/datasets/princeton-nlp/SWE-bench_Verified/tree/c104f840cc67f8b6eec6f759ebc8b2693d585d4a/data?recursive=true&expand=false "HTTP/1.1 200 OK"
2026-05-22 14:25:57 | INFO     | httpx | HTTP Request: GET https://huggingface.co/api/datasets/princeton-nlp/SWE-bench_Verified/tree/c104f840cc67f8b6eec6f759ebc8b2693d585d4a?recursive=false&expand=false "HTTP/1.1 200 OK"
2026-05-22 14:25:57 | INFO     | httpx | HTTP Request: HEAD https://huggingface.co/datasets/princeton-nlp/SWE-bench_Verified/resolve/c104f840cc67f8b6eec6f759ebc8b2693d585d4a/dataset_infos.json "HTTP/1.1 404 Not Found"
2026-05-22 14:25:57 | INFO     | src.build | 243 Tasks ohne explizites Label -> als 'unresolved' markiert
2026-05-22 14:25:57 | INFO     | src.build | Statusverteilung:
status
resolved         254
unresolved       243
no_generation      3
2026-05-22 14:25:57 | INFO     | src.build | Resolve-Rate: 50.8%
2026-05-22 14:34:20 | INFO     | root | Logging initialized
2026-05-22 14:34:21 | INFO     | httpx | HTTP Request: HEAD https://huggingface.co/datasets/princeton-nlp/SWE-bench_Verified/resolve/c104f840cc67f8b6eec6f759ebc8b2693d585d4a/SWE-bench_Verified.py "HTTP/1.1 404 Not Found"
2026-05-22 14:34:21 | INFO     | httpx | HTTP Request: HEAD https://s3.amazonaws.com/datasets.huggingface.co/datasets/datasets/princeton-nlp/SWE-bench_Verified/princeton-nlp/SWE-bench_Verified.py "HTTP/1.1 404 Not Found"
2026-05-22 14:34:21 | INFO     | httpx | HTTP Request: GET https://huggingface.co/api/datasets/princeton-nlp/SWE-bench_Verified/revision/c104f840cc67f8b6eec6f759ebc8b2693d585d4a "HTTP/1.1 200 OK"
2026-05-22 14:34:21 | INFO     | httpx | HTTP Request: HEAD https://huggingface.co/datasets/princeton-nlp/SWE-bench_Verified/resolve/c104f840cc67f8b6eec6f759ebc8b2693d585d4a/.huggingface.yaml "HTTP/1.1 404 Not Found"
2026-05-22 14:34:22 | INFO     | httpx | HTTP Request: GET https://huggingface.co/api/datasets/princeton-nlp/SWE-bench_Verified/tree/c104f840cc67f8b6eec6f759ebc8b2693d585d4a/data?recursive=true&expand=false "HTTP/1.1 200 OK"
2026-05-22 14:34:27 | INFO     | httpx | HTTP Request: GET https://huggingface.co/api/datasets/princeton-nlp/SWE-bench_Verified/tree/c104f840cc67f8b6eec6f759ebc8b2693d585d4a?recursive=false&expand=false "HTTP/1.1 200 OK"
2026-05-22 14:34:27 | INFO     | httpx | HTTP Request: HEAD https://huggingface.co/datasets/princeton-nlp/SWE-bench_Verified/resolve/c104f840cc67f8b6eec6f759ebc8b2693d585d4a/dataset_infos.json "HTTP/1.1 404 Not Found"
2026-05-22 14:34:27 | INFO     | src.build | 243 Tasks ohne explizites Label -> als 'unresolved' markiert
2026-05-22 14:34:27 | INFO     | src.build | Statusverteilung:
status
resolved         254
unresolved       243
no_generation      3
2026-05-22 14:34:27 | INFO     | src.build | Resolve-Rate: 50.8%
2026-05-22 14:34:52 | INFO     | root | Logging initialized
2026-05-22 14:34:52 | INFO     | httpx | HTTP Request: HEAD https://huggingface.co/datasets/princeton-nlp/SWE-bench_Verified/resolve/c104f840cc67f8b6eec6f759ebc8b2693d585d4a/SWE-bench_Verified.py "HTTP/1.1 404 Not Found"
2026-05-22 14:34:53 | INFO     | httpx | HTTP Request: HEAD https://s3.amazonaws.com/datasets.huggingface.co/datasets/datasets/princeton-nlp/SWE-bench_Verified/princeton-nlp/SWE-bench_Verified.py "HTTP/1.1 404 Not Found"
2026-05-22 14:34:53 | INFO     | httpx | HTTP Request: GET https://huggingface.co/api/datasets/princeton-nlp/SWE-bench_Verified/revision/c104f840cc67f8b6eec6f759ebc8b2693d585d4a "HTTP/1.1 200 OK"
2026-05-22 14:34:53 | INFO     | httpx | HTTP Request: HEAD https://huggingface.co/datasets/princeton-nlp/SWE-bench_Verified/resolve/c104f840cc67f8b6eec6f759ebc8b2693d585d4a/.huggingface.yaml "HTTP/1.1 404 Not Found"
2026-05-22 14:34:53 | INFO     | httpx | HTTP Request: GET https://huggingface.co/api/datasets/princeton-nlp/SWE-bench_Verified/tree/c104f840cc67f8b6eec6f759ebc8b2693d585d4a/data?recursive=true&expand=false "HTTP/1.1 200 OK"
2026-05-22 14:34:53 | INFO     | httpx | HTTP Request: GET https://huggingface.co/api/datasets/princeton-nlp/SWE-bench_Verified/tree/c104f840cc67f8b6eec6f759ebc8b2693d585d4a?recursive=false&expand=false "HTTP/1.1 200 OK"
2026-05-22 14:34:53 | INFO     | httpx | HTTP Request: HEAD https://huggingface.co/datasets/princeton-nlp/SWE-bench_Verified/resolve/c104f840cc67f8b6eec6f759ebc8b2693d585d4a/dataset_infos.json "HTTP/1.1 404 Not Found"
2026-05-22 14:34:54 | INFO     | src.build | 243 Tasks ohne explizites Label -> als 'unresolved' markiert
2026-05-22 14:34:54 | INFO     | src.build | Statusverteilung:
status
resolved         254
unresolved       243
no_generation      3
2026-05-22 14:34:54 | INFO     | src.build | Resolve-Rate: 50.8%
